x_rot.md2	x_rot.png	-	-	1.00	0.0	-
x_rot.md2	x_rot.png	-	-	1.00	0.0	-
x_rot.md2	x_rot.png	-	-	1.00	0.0	-
x_rot.md2	x_rot.png	-	-	1.00	0.0	-
x_rot.md2	x_rot.png	-	-	1.00	0.0	-
x_rot.md2	x_rot.png	-	-	1.00	0.0	-
x_blob.md2	x_blob.png	-	-	1.00	0.0	-
x_blob.md2	x_blob.png	-	-	1.00	0.0	-
x_blob.md2	x_blob.png	-	-	1.00	0.0	-
-	-	-	-	1.00	0.0	-
-	-	-	-	1.00	0.0	-
-	-	-	-	1.00	0.0	-
x_bullwolf.md2	x_bullwolf.png	-	-	1.00	0.0	-
x_bullwolf.md2	x_bullwolf.png	-	-	1.00	0.0	-
x_bullwolf.md2	x_bullwolf.png	-	-	1.00	0.0	-
x_bullwolf.md2	x_bullwolf.png	-	-	1.00	0.0	-
x_bullwolf.md2	x_bullwolf.png	-	-	1.00	0.0	-
x_bullwolf.md2	x_bullwolf.png	-	-	1.00	0.0	-
x_bullwolf.md2	x_bullwolf.png	-	-	1.00	0.0	-
x_bullwolf.md2	x_bullwolf.png	-	-	1.00	0.0	-
x_bullwolf.md2	x_bullwolf.png	-	-	1.00	0.0	-
x_bullwolf.md2	x_bullwolf.png	-	-	1.00	0.0	-
x_hotdog.md2	x_hotdog.png	-	-	1.00	0.0	-
x_hotdog.md2	x_hotdog.png	-	-	1.00	0.0	-
x_hotdog.md2	x_hotdog.png	-	-	1.00	0.0	-
x_hotdog.md2	x_hotdog.png	-	-	1.00	0.0	-
x_hotdog.md2	x_hotdog.png	-	-	1.00	0.0	-
x_hotdog.md2	x_hotdog.png	-	-	1.00	0.0	-
-	-	-	-	1.00	0.0	-
-	-	-	-	1.00	0.0	-
-	-	-	-	1.00	0.0	-
-	-	-	FlamingSphere	1.00	0.0	-
-	-	-	ShockingSphere	1.00	0.0	-
-	-	-	-	1.00	0.0	-
x_bosslump.md2	x_bosslump.png	-	-	1.00	0.0	-
x_bosslump.md2	x_bosslump.png	-	-	1.00	0.0	-
x_bosslump.md2	x_bosslump.png	-	-	1.00	0.0	-
x_bosslump.md2	x_bosslump.png	-	-	1.00	0.0	-
x_bosslump.md2	x_bosslump.png	-	-	1.00	0.0	-
x_bosslump.md2	x_bosslump.png	-	-	1.00	0.0	-
x_bosslump.md2	x_bosslump.png	-	-	1.00	0.0	-
x_bosslump.md2	x_bosslump.png	-	-	1.00	0.0	-
x_bosslump.md2	x_bosslump.png	-	-	1.00	0.0	-
x_bosslump.md2	x_bosslump.png	-	-	1.00	0.0	-
x_rogue.md2	x_rogue.png	-	-	1.00	0.0	-
x_rogue.md2	x_rogue.png	-	-	1.00	0.0	-
x_rogue.md2	x_rogue.png	-	-	1.00	0.0	-
x_rogue.md2	x_rogue.png	-	-	1.00	0.0	-
x_rogue.md2	x_rogue.png	-	-	1.00	0.0	-
-	-	-	-	1.00	0.0	-
-	-	-	-	1.00	0.0	-
-	-	-	-	1.00	0.0	-
x_ffaerie.md2	x_ffaerie.png	-	-	1.00	0.0	-
x_ffaerie.md2	x_ffaerie.png	-	-	1.00	0.0	-
x_ffaerie.md2	x_ffaerie.png	-	-	1.00	0.0	-
x_ffaerie.md2	x_ffaerie.png	-	-	1.00	0.0	-
x_ffaerie.md2	x_ffaerie.png	-	-	1.00	0.0	-
x_blob.md2	x_blob.png	-	-	1.00	0.0	-
x_blob.md2	x_blob.png	-	-	1.00	0.0	-
x_blob.md2	x_blob.png	-	-	1.00	0.0	-
x_cobol.md2	x_cobol.png	-	-	1.00	0.0	-
x_cobol.md2	x_cobol.png	-	-	1.00	0.0	-
x_cobol.md2	x_cobol.png	-	-	1.00	0.0	-
x_cobol.md2	x_cobol.png	-	-	1.00	0.0	-
-	-	-	-	1.00	0.0	-
-	-	-	-	1.00	0.0	-
-	-	-	-	1.00	0.0	-
-	-	-	-	1.00	0.0	-
-	-	-	-	1.00	0.0	-
-	-	-	-	1.00	0.0	-
-	-	-	-	1.00	0.0	-
x_rogue.md2	x_rogue.png	-	-	1.00	0.0	-
x_rogue.md2	x_rogue.png	-	-	1.00	0.0	-
-	-	-	-	1.00	0.0	-
-	-	-	-	1.00	0.0	-
-	-	-	-	1.00	0.0	-
-	-	-	-	1.00	0.0	-
-	-	-	-	1.00	0.0	-
-	-	-	-	1.00	0.0	-
x_squidgie.md2	x_squidgie.png	-	-	1.00	0.0	-
x_squidgie.md2	x_squidgie.png	-	-	1.00	0.0	-
x_squidgie.md2	x_squidgie.png	-	-	1.00	0.0	-
x_lamb.md2	x_lamb.png	-	-	1.00	0.0	-
-	-	-	-	1.00	0.0	-
-	-	-	-	1.00	0.0	-
-	-	-	-	1.00	0.0	-
-	-	-	-	1.00	0.0	-
-	-	-	-	1.00	0.0	-
-	-	-	-	1.00	0.0	-
x_mouse.md2	x_mouse.png	-	-	1.00	0.0	-
x_mouse.md2	x_mouse.png	-	-	1.00	0.0	-
x_mouse.md2	x_mouse.png	-	-	1.00	0.0	-
x_mouse.md2	x_mouse.png	-	-	1.00	0.0	-
x_squidgie.md2	x_squidgie.png	-	-	1.00	0.0	-
x_mouse.md2	x_mouse.png	-	-	1.00	0.0	-
x_tranch.md2	x_tranch.png	-	-	1.00	0.0	-
x_tranch.md2	x_tranch.png	-	-	1.00	0.0	-
x_tranch.md2	x_tranch.png	-	-	1.00	0.0	-
x_bossscor.md2	x_bossscor.png	-	-	1.00	0.0	-
x_squidgie.md2	x_squidgie.png	-	-	1.00	0.0	-
x_squidgie.md2	x_squidgie.png	-	-	1.00	0.0	-
-	-	-	-	1.00	0.0	-
-	-	-	-	1.00	0.0	-
-	-	-	-	1.00	0.0	-
-	-	-	-	1.00	0.0	-
-	-	-	-	1.00	0.0	-
-	-	-	-	1.00	0.0	-
-	-	-	-	1.00	0.0	-
-	-	-	-	1.00	0.0	-
-	-	-	-	1.00	0.0	-
-	-	-	-	1.00	0.0	-
-	-	-	-	1.00	0.0	-
-	-	-	FireVortex	1.00	0.0	-
x_bossgrub.md2	x_bossgrub.png	-	-	1.00	0.0	-
x_bossgrub.md2	x_bossgrub.png	-	-	1.00	0.0	-
x_bossgrub.md2	x_bossgrub.png	-	-	1.00	0.0	-
x_bossgrub.md2	x_bossgrub.png	-	-	1.00	0.0	-
x_bossgrub.md2	x_bossgrub.png	-	-	1.00	0.0	-
x_bossgrub.md2	x_bossgrub.png	-	-	1.00	0.0	-
-	-	-	YellowLight	1.00	0.0	-
-	-	-	BlackLight	1.00	0.0	-
-	-	-	-	1.00	0.0	-
x_ffaerie.md2	x_ffaerie.png	-	-	1.00	0.0	-
-	-	-	-	1.00	0.0	-
x_ffaerie.md2	x_ffaerie.png	-	-	1.00	0.0	-
-	-	-	-	1.00	0.0	-
-	-	-	-	1.00	0.0	-
x_crab.md2	x_crab.png	-	-	1.00	0.0	-
x_crab.md2	x_crab.png	-	-	1.00	0.0	-
x_crab.md2	x_crab.png	-	-	1.00	0.0	-
x_crab.md2	x_crab.png	-	-	1.00	0.0	-
-	-	-	-	1.00	0.0	-
-	-	-	-	1.00	0.0	-
-	-	-	-	1.00	0.0	-
x_trog.md2	x_trog.png	-	-	1.00	0.0	-
x_trog.md2	x_trog.png	-	-	1.00	0.0	-
x_trog.md2	x_trog.png	-	-	1.00	0.0	-
x_trog.md2	x_trog.png	-	-	1.00	0.0	-
x_trog.md2	x_trog.png	-	-	1.00	0.0	-
x_trog.md2	x_trog.png	-	-	1.00	0.0	-
x_trog.md2	x_trog.png	-	-	1.00	0.0	-
x_trog.md2	x_trog.png	-	-	1.00	0.0	-
x_trog.md2	x_trog.png	-	-	1.00	0.0	-
x_trog.md2	x_trog.png	-	-	1.00	0.0	-
x_trog.md2	x_trog.png	-	-	1.00	0.0	-
x_trog.md2	x_trog.png	-	-	1.00	0.0	-
x_trog.md2	x_trog.png	-	-	1.00	0.0	-
x_trog.md2	x_trog.png	-	-	1.00	0.0	-
x_trog.md2	x_trog.png	-	-	1.00	0.0	-
x_trog.md2	x_trog.png	-	-	1.00	0.0	-
x_trog.md2	x_trog.png	-	-	1.00	0.0	-
x_trog.md2	x_trog.png	-	-	1.00	0.0	-
x_trog.md2	x_trog.png	-	-	1.00	0.0	-
x_trog.md2	x_trog.png	-	-	1.00	0.0	-
x_ulna.md2	x_ulna.png	-	-	1.00	0.0	-
-	-	-	-	1.00	0.0	-
-	-	-	FireElemental	1.00	0.0	-
-	-	-	-	1.00	0.0	-
-	-	-	-	1.00	0.0	-
-	-	-	-	1.00	0.0	-
-	-	-	-	1.00	0.0	-
-	-	-	-	1.00	0.0	-
-	-	-	-	1.00	0.0	-
-	-	-	-	1.00	0.0	-
-	-	-	-	1.00	0.0	-
-	-	-	-	1.00	0.0	-
x_gnome.md2	x_gnome.png	-	-	1.00	0.0	-
x_gnome.md2	x_gnome.png	-	-	1.00	0.0	-
x_gnome.md2	x_gnome.png	-	-	1.00	0.0	-
x_gnome.md2	x_gnome.png	-	-	1.00	0.0	-
x_bossdark.md2	x_bossdark.png	-	-	1.00	0.0	-
x_bossdark.md2	x_bossdark.png	-	-	1.00	0.0	-
x_bossdark.md2	x_bossdark.png	-	-	1.00	0.0	-
x_bossdark.md2	x_bossdark.png	-	-	1.00	0.0	-
x_bossdark.md2	x_bossdark.png	-	-	1.00	0.0	-
x_bossdark.md2	x_bossdark.png	-	-	1.00	0.0	-
x_bossdark.md2	x_bossdark.png	-	-	1.00	0.0	-
x_bossdark.md2	x_bossdark.png	-	-	1.00	0.0	-
x_bossdark.md2	x_bossdark.png	-	-	1.00	0.0	-
x_bossdark.md2	x_bossdark.png	-	-	1.00	0.0	-
x_bossdark.md2	x_bossdark.png	-	-	1.00	0.0	-
x_guard.md2	x_guard.png	-	-	1.00	0.0	-
x_guard.md2	x_guard.png	-	-	1.00	0.0	-
x_guard.md2	x_guard.png	-	-	1.00	0.0	-
x_guard.md2	x_guard.png	-	-	1.00	0.0	-
x_ulna.md2	x_ulna.png	-	-	1.00	0.0	-
x_ulna.md2	x_ulna.png	-	-	1.00	0.0	-
x_ulna.md2	x_ulna.png	-	-	1.00	0.0	-
x_ulna.md2	x_ulna.png	-	-	1.00	0.0	-
x_ghoul.md2	x_ghoul.png	-	-	1.00	0.0	-
x_ghoul.md2	x_ghoul.png	-	-	1.00	0.0	-
x_ghoul.md2	x_ghoul.png	-	-	1.00	0.0	-
x_ghoul.md2	x_ghoul.png	-	-	1.00	0.0	-
x_ghoul.md2	x_ghoul.png	-	-	1.00	0.0	-
x_ghoul.md2	x_ghoul.png	-	-	1.00	0.0	-
x_ghoul.md2	x_ghoul.png	-	-	1.00	0.0	-
x_ghoul.md2	x_ghoul.png	-	-	1.00	0.0	-
-	-	-	-	1.00	0.0	-
-	-	-	-	1.00	0.0	-
-	-	-	-	1.00	0.0	-
-	-	-	-	1.00	0.0	-
-	-	-	-	1.00	0.0	-
-	-	-	-	1.00	0.0	-
-	-	-	-	1.00	0.0	-
-	-	-	-	1.00	0.0	-
-	-	-	-	1.00	0.0	-
-	-	-	-	1.00	0.0	-
-	-	-	-	1.00	0.0	-
-	-	-	-	1.00	0.0	-
-	-	-	-	1.00	0.0	-
-	-	-	-	1.00	0.0	-
-	-	-	-	1.00	0.0	-
-	-	-	-	1.00	0.0	-
-	-	-	-	1.00	0.0	-
-	-	-	-	1.00	0.0	-
-	-	-	-	1.00	0.0	-
-	-	-	-	1.00	0.0	-
-	-	-	-	1.00	0.0	-
-	-	-	-	1.00	0.0	-
-	-	-	-	1.00	0.0	-
-	-	-	-	1.00	0.0	-
x_bosstrol.md2	x_bosstrol.png	-	-	1.00	0.0	-
x_bosstrol.md2	x_bosstrol.png	-	-	1.00	0.0	-
x_bosstrol.md2	x_bosstrol.png	-	-	1.00	0.0	-
x_bosstrol.md2	x_bosstrol.png	-	-	1.00	0.0	-
x_bosstrol.md2	x_bosstrol.png	-	-	1.00	0.0	-
x_bosstrol.md2	x_bosstrol.png	-	-	1.00	0.0	-
-	-	-	-	1.00	0.0	-
-	-	-	-	1.00	0.0	-
-	-	-	-	1.00	0.0	-
-	-	-	-	1.00	0.0	-
-	-	-	-	1.00	0.0	-
-	-	-	-	1.00	0.0	-
-	-	-	-	1.00	0.0	-
-	-	-	-	1.00	0.0	-
-	-	-	-	1.00	0.0	-
-	-	-	-	1.00	0.0	-
-	-	-	-	1.00	0.0	-
-	-	-	-	1.00	0.0	-
-	-	-	-	1.00	0.0	-
-	-	-	-	1.00	0.0	-
x_animate.md2	x_animate.png	-	-	1.00	0.0	-
x_animate.md2	x_animate.png	-	-	1.00	0.0	-
x_animate.md2	x_animate.png	-	-	1.00	0.0	-
x_animate.md2	x_animate.png	-	-	1.00	0.0	-
x_animate.md2	x_animate.png	-	-	1.00	0.0	-
x_animate.md2	x_animate.png	-	-	1.00	0.0	-
x_animate.md2	x_animate.png	-	-	1.00	0.0	-
x_animate.md2	x_animate.png	-	-	1.00	0.0	-
x_animate.md2	x_animate.png	-	-	1.00	0.0	-
x_animate.md2	x_animate.png	-	-	1.00	0.0	-
-	-	-	-	1.00	0.0	-
-	-	-	-	1.00	0.0	-
-	-	-	-	1.00	0.0	-
-	-	-	-	1.00	0.0	-
-	-	-	-	1.00	0.0	-
-	-	-	-	1.00	0.0	-
-	-	-	-	1.00	0.0	-
-	-	-	-	1.00	0.0	-
-	-	-	-	1.00	0.0	-
-	-	-	-	1.00	0.0	-
-	-	-	-	1.00	0.0	-
-	-	-	-	1.00	0.0	-
-	-	-	-	1.00	0.0	-
-	-	-	-	1.00	0.0	-
-	-	-	-	1.00	0.0	-
-	-	-	-	1.00	0.0	-
-	-	-	-	1.00	0.0	-
-	-	-	-	1.00	0.0	-
-	-	-	-	1.00	0.0	-
-	-	-	-	1.00	0.0	-
-	-	-	-	1.00	0.0	-
-	-	-	-	1.00	0.0	-
-	-	-	-	1.00	0.0	-
x_shopkeep.md2	x_shopkeep.png	-	-	1.00	0.0	-
x_guard.md2	x_guard.png	-	-	1.00	0.0	-
x_prisoner.md2	x_prisoner.png	-	-	1.00	0.0	-
x_shopkeep.md2	x_shopkeep.png	-	-	1.00	0.0	-
x_shopkeep.md2	x_shopkeep.png	-	-	1.00	0.0	-
x_shopkeep.md2	x_shopkeep.png	-	-	1.00	0.0	-
x_guard.md2	x_guard.png	-	-	1.00	0.0	-
x_guard.md2	x_guard.png	-	-	1.00	0.0	-
x_guard.md2	x_guard.png	-	-	1.00	0.0	-
x_guard.md2	x_guard.png	-	-	1.00	0.0	-
x_guard.md2	x_guard.png	-	-	1.00	0.0	-
x_guard.md2	x_guard.png	-	-	1.00	0.0	-
x_bossnecr.md2	x_bossnecr.png	-	-	1.00	0.0	-
x_bossnecr.md2	x_bossnecr.png	-	-	1.00	0.0	-
x_bossnecr.md2	x_bossnecr.png	-	-	1.00	0.0	-
x_bossnecr.md2	x_bossnecr.png	-	-	1.00	0.0	-
x_fright.md2	x_fright.png	-	-	1.00	0.0	-
x_fright.md2	x_fright.png	-	-	1.00	0.0	-
-	-	-	-	1.00	0.0	-
-	-	-	-	1.00	0.0	-
-	-	-	-	1.00	0.0	-
-	-	-	-	1.00	0.0	-
-	-	-	-	1.00	0.0	-
-	-	-	-	1.00	0.0	-
-	-	-	-	1.00	0.0	-
-	-	-	-	1.00	0.0	-
-	-	-	-	1.00	0.0	-
-	-	-	-	1.00	0.0	-
-	-	-	-	1.00	0.0	-
-	-	-	-	1.00	0.0	-
-	-	-	-	1.00	0.0	-
-	-	-	-	1.00	0.0	-
x_bossnecr.md2	x_bossnecr.png	-	-	1.00	0.0	-
x_bossnecr.md2	x_bossnecr.png	-	-	1.00	0.0	-
x_bossnecr.md2	x_bossnecr.png	-	-	1.00	0.0	-
x_bossnecr.md2	x_bossnecr.png	-	-	1.00	0.0	-
x_bossnecr.md2	x_bossnecr.png	-	-	1.00	0.0	-
x_bossnecr.md2	x_bossnecr.png	-	-	1.00	0.0	-
x_bossnecr.md2	x_bossnecr.png	-	-	1.00	0.0	-
x_bossnecr.md2	x_bossnecr.png	-	-	1.00	0.0	-
x_bossnecr.md2	x_bossnecr.png	-	-	1.00	0.0	-
x_bossnecr.md2	x_bossnecr.png	-	-	1.00	0.0	-
x_bossnecr.md2	x_bossnecr.png	-	-	1.00	0.0	-
-	-	-	-	1.00	0.0	-
-	-	-	-	1.00	0.0	-
-	-	-	-	1.00	0.0	-
x_squidgie.md2	x_squidgie.png	-	-	1.00	0.0	-
x_squidgie.md2	x_squidgie.png	-	-	1.00	0.0	-
x_squidgie.md2	x_squidgie.png	-	-	1.00	0.0	-
x_squidgie.md2	x_squidgie.png	-	-	1.00	0.0	-
x_squidgie.md2	x_squidgie.png	-	-	1.00	0.0	-
x_squidgie.md2	x_squidgie.png	-	-	1.00	0.0	-
x_lamb.md2	x_lamb.png	-	-	1.00	0.0	-
x_lamb.md2	x_lamb.png	-	-	1.00	0.0	-
-	-	-	-	1.00	0.0	-
-	-	-	-	1.00	0.0	-
-	-	-	-	1.00	0.0	-
-	-	-	-	1.00	0.0	-
-	-	-	-	1.00	0.0	-
-	-	-	-	1.00	0.0	-
-	-	-	-	1.00	0.0	-
x_advent.md2	x_advent.png	-	-	1.00	0.0	-
x_advent.md2	x_advent.png	-	-	1.00	0.0	-
x_advent.md2	x_advent.png	-	-	1.00	0.0	-
x_advent.md2	x_advent.png	-	-	1.00	0.0	-
x_advent.md2	x_advent.png	-	-	1.00	0.0	-
x_advent.md2	x_advent.png	-	-	1.00	0.0	-
x_advent.md2	x_advent.png	-	-	1.00	0.0	-
x_advent.md2	x_advent.png	-	-	1.00	0.0	-
x_advent.md2	x_advent.png	-	-	1.00	0.0	-
x_advent.md2	x_advent.png	-	-	1.00	0.0	-
x_advent.md2	x_advent.png	-	-	1.00	0.0	-
x_advent.md2	x_advent.png	-	-	1.00	0.0	-
x_advent.md2	x_advent.png	-	-	1.00	0.0	-
x_advent.md2	x_advent.png	-	-	1.00	0.0	-
x_advent.md2	x_advent.png	-	-	1.00	0.0	-
x_knight.md2	x_knight.png	-	-	1.00	0.0	-
x_knight.md2	x_knight.png	-	-	1.00	0.0	-
x_knight.md2	x_knight.png	-	-	1.00	0.0	-
x_knight.md2	x_knight.png	-	-	1.00	0.0	-
x_knight.md2	x_knight.png	-	-	1.00	0.0	-
x_knight.md2	x_knight.png	-	-	1.00	0.0	-
x_knight.md2	x_knight.png	-	-	1.00	0.0	-
x_knight.md2	x_knight.png	-	-	1.00	0.0	-
x_knight.md2	x_knight.png	-	-	1.00	0.0	-
x_knight.md2	x_knight.png	-	-	1.00	0.0	-
x_knight.md2	x_knight.png	-	-	1.00	0.0	-
x_knight.md2	x_knight.png	-	-	1.00	0.0	-
x_knight.md2	x_knight.png	-	-	1.00	0.0	-
x_knight.md2	x_knight.png	-	-	1.00	0.0	-
x_knight.md2	x_knight.png	-	-	1.00	0.0	-
x_bossnecr.md2	x_bossnecr.png	-	-	1.00	0.0	-
x_bossnecr.md2	x_bossnecr.png	-	-	1.00	0.0	-
x_bossnecr.md2	x_bossnecr.png	-	-	1.00	0.0	-
x_bossnecr.md2	x_bossnecr.png	-	-	1.00	0.0	-
x_bossnecr.md2	x_bossnecr.png	-	-	1.00	0.0	-
x_bossnecr.md2	x_bossnecr.png	-	-	1.00	0.0	-
x_bossnecr.md2	x_bossnecr.png	-	-	1.00	0.0	-
x_bossnecr.md2	x_bossnecr.png	-	-	1.00	0.0	-
x_bossscor.md2	x_bossscor.png	-	-	1.00	0.0	-
x_bossnecr.md2	x_bossnecr.png	-	-	1.00	0.0	-
x_bossnecr.md2	x_bossnecr.png	-	-	1.00	0.0	-
x_bossnecr.md2	x_bossnecr.png	-	-	1.00	0.0	-
x_bossnecr.md2	x_bossnecr.png	-	-	1.00	0.0	-
x_shep.md2	x_shep.png	-	-	1.00	0.0	-
x_shep.md2	x_shep.png	-	-	1.00	0.0	-
x_shep.md2	x_shep.png	-	-	1.00	0.0	-
x_shep.md2	x_shep.png	-	-	1.00	0.0	-
x_shep.md2	x_shep.png	-	-	1.00	0.0	-
x_shep.md2	x_shep.png	-	-	1.00	0.0	-
x_shep.md2	x_shep.png	-	-	1.00	0.0	-
x_shep.md2	x_shep.png	-	-	1.00	0.0	-
x_shep.md2	x_shep.png	-	-	1.00	0.0	-
x_shep.md2	x_shep.png	-	-	1.00	0.0	-
x_shep.md2	x_shep.png	-	-	1.00	0.0	-
x_shep.md2	x_shep.png	-	-	1.00	0.0	-
x_shep.md2	x_shep.png	-	-	1.00	0.0	-
x_shep.md2	x_shep.png	-	-	1.00	0.0	-
x_shep.md2	x_shep.png	-	-	1.00	0.0	-
-	-	-	-	1.00	0.0	-
x_achest.md2	x_achest.png	-	-	1.00	0.0	-
-	-	-	-	1.00	0.0	-
-	-	-	-	1.00	0.0	-
-	-	-	-	1.00	0.0	-
-	-	-	-	1.00	0.0	-
-	-	-	-	1.00	0.0	-
-	-	-	-	1.00	0.0	-
x_incisor.md2	x_incisor.png	-	-	1.00	0.0	-
-	-	-	-	1.00	0.0	-
-	-	-	-	1.00	0.0	-
x_spear.md2	x_spear.png	-	-	1.00	0.0	-
x_spear.md2	x_spear.png	-	-	1.00	0.0	-
x_spear.md2	x_spear.png	-	-	1.00	0.0	-
x_spear.md2	x_spear.png	-	-	1.00	0.0	-
x_spear.md2	x_spear.png	-	-	1.00	0.0	-
x_spear.md2	x_spear.png	-	-	1.00	0.0	-
x_spear.md2	x_spear.png	-	-	1.00	0.0	-
x_incisor.md2	x_incisor.png	-	-	1.00	0.0	-
x_incisor.md2	x_incisor.png	-	-	1.00	0.0	-
x_incisor.md2	x_incisor.png	-	-	1.00	0.0	-
x_incisor.md2	x_incisor.png	-	-	1.00	0.0	-
x_incisor.md2	x_incisor.png	-	-	1.00	0.0	-
x_incisor.md2	x_incisor.png	-	-	1.00	0.0	-
x_incisor.md2	x_incisor.png	-	-	1.00	0.0	-
x_stiletto.md2	x_stiletto.png	-	-	1.00	0.0	-
-	-	-	-	1.00	0.0	-
x_hatchet.md2	x_hatchet.png	-	-	1.00	0.0	-
x_hatchet.md2	x_hatchet.png	-	-	1.00	0.0	-
x_hatchet.md2	x_hatchet.png	-	-	1.00	0.0	-
x_sordwall.md2	x_sordwall.png	-	Sword	1.00	0.0	-
x_sordwall.md2	x_sordwall.png	-	Sword	1.00	0.0	-
x_sordwall.md2	x_sordwall.png	-	Sword	1.00	0.0	-
x_sordwall.md2	x_sordwall.png	-	Sword	1.00	0.0	-
x_sordwall.md2	x_sordwall.png	-	Sword	1.00	0.0	-
x_sordwall.md2	x_sordwall.png	-	-	1.00	0.0	-
x_dsword.md2	x_dsword.png	-	Sword	1.00	0.0	-
x_dsword.md2	x_dsword.png	-	Sword	1.00	0.0	-
x_dsword.md2	x_dsword.png	-	Sword	1.00	0.0	-
x_dsword.md2	x_dsword.png	-	Sword	1.00	0.0	-
x_dsword.md2	x_dsword.png	-	Sword	1.00	0.0	-
x_dsword.md2	x_dsword.png	-	Sword	1.00	0.0	-
x_dsword.md2	x_dsword.png	-	Sword	1.00	0.0	-
x_stiletto.md2	x_stiletto.png	-	-	1.00	0.0	-
x_stiletto.md2	x_stiletto.png	-	-	1.00	0.0	-
x_stiletto.md2	x_stiletto.png	-	-	1.00	0.0	-
x_stiletto.md2	x_stiletto.png	-	-	1.00	0.0	-
x_stiletto.md2	x_stiletto.png	-	-	1.00	0.0	-
x_hatchet.md2	x_hatchet.png	-	-	1.00	0.0	-
x_hatchet.md2	x_hatchet.png	-	-	1.00	0.0	-
x_hatchet.md2	x_hatchet.png	-	-	1.00	0.0	-
x_pick.md2	x_pick.png	-	-	1.00	0.0	-
x_stiletto.md2	x_stiletto.png	-	-	1.00	0.0	-
-	-	-	-	1.00	0.0	-
x_stiletto.md2	x_stiletto.png	-	-	1.00	0.0	-
x_stiletto.md2	x_stiletto.png	-	-	1.00	0.0	-
x_stiletto.md2	x_stiletto.png	-	-	1.00	0.0	-
x_mace.md2	x_mace.png	-	-	1.00	0.0	-
x_mace.md2	x_mace.png	-	-	1.00	0.0	-
x_mallet.md2	x_mallet.png	-	-	1.00	0.0	-
x_mallet.md2	x_mallet.png	-	-	1.00	0.0	-
-	-	-	-	1.00	0.0	-
-	-	-	-	1.00	0.0	-
-	-	-	-	1.00	0.0	-
-	-	-	-	1.00	0.0	-
-	-	-	-	1.00	0.0	-
x_lbow.md2	x_lbow.png	-	-	1.00	0.0	-
x_lbow.md2	x_lbow.png	-	-	1.00	0.0	-
x_lbow.md2	x_lbow.png	-	-	1.00	0.0	-
x_lbow.md2	x_lbow.png	-	-	1.00	0.0	-
x_hanxbow.md2	x_hanxbow.png	-	-	1.00	0.0	-
x_hanxbow.md2	x_hanxbow.png	-	-	1.00	0.0	-
-	-	-	-	1.00	0.0	-
-	-	-	-	1.00	0.0	-
-	-	-	-	1.00	0.0	-
-	-	-	-	1.00	0.0	-
-	-	-	-	1.00	0.0	-
-	-	-	-	1.00	0.0	-
-	-	-	-	1.00	0.0	-
-	-	-	-	1.00	0.0	-
-	-	-	-	1.00	0.0	-
-	-	-	-	1.00	0.0	-
-	-	-	-	1.00	0.0	-
-	-	-	-	1.00	0.0	-
-	-	-	-	1.00	0.0	-
-	-	-	-	1.00	0.0	-
-	-	-	-	1.00	0.0	-
-	-	-	-	1.00	0.0	-
-	-	-	-	1.00	0.0	-
-	-	-	-	1.00	0.0	-
-	-	-	-	1.00	0.0	-
-	-	-	-	1.00	0.0	-
-	-	-	-	1.00	0.0	-
-	-	-	-	1.00	0.0	-
-	-	-	-	1.00	0.0	-
-	-	-	-	1.00	0.0	-
-	-	-	-	1.00	0.0	-
-	-	-	-	1.00	0.0	-
-	-	-	-	1.00	0.0	-
-	-	-	-	1.00	0.0	-
-	-	-	-	1.00	0.0	-
-	-	-	-	1.00	0.0	-
-	-	-	-	1.00	0.0	-
-	-	-	-	1.00	0.0	-
-	-	-	-	1.00	0.0	-
-	-	-	-	1.00	0.0	-
-	-	-	-	1.00	0.0	-
-	-	-	-	1.00	0.0	-
-	-	-	-	1.00	0.0	-
-	-	-	-	1.00	0.0	-
-	-	-	-	1.00	0.0	-
-	-	-	-	1.00	0.0	-
-	-	-	-	1.00	0.0	-
-	-	-	-	1.00	0.0	-
-	-	-	-	1.00	0.0	-
-	-	-	-	1.00	0.0	-
-	-	-	-	1.00	0.0	-
-	-	-	-	1.00	0.0	-
-	-	-	-	1.00	0.0	-
-	-	-	-	1.00	0.0	-
-	-	-	-	1.00	0.0	-
-	-	-	-	1.00	0.0	-
-	-	-	-	1.00	0.0	-
-	-	-	-	1.00	0.0	-
-	-	-	-	1.00	0.0	-
-	-	-	-	1.00	0.0	-
-	-	-	-	1.00	0.0	-
-	-	-	-	1.00	0.0	-
-	-	-	-	1.00	0.0	-
-	-	-	-	1.00	0.0	-
-	-	-	-	1.00	0.0	-
-	-	-	-	1.00	0.0	-
x_tshield.md2	x_tshield.png	-	-	1.00	0.0	-
x_tshield.md2	x_tshield.png	-	-	1.00	0.0	-
x_tshield.md2	x_tshield.png	-	-	1.00	0.0	-
x_kshield.md2	x_kshield.png	-	-	1.00	0.0	-
x_gshield.md2	x_gshield.png	-	-	1.00	0.0	-
x_kshield.md2	x_kshield.png	-	-	1.00	0.0	-
x_hshield.md2	x_hshield.png	-	-	1.00	0.0	-
-	-	-	-	1.00	0.0	-
-	-	-	-	1.00	0.0	-
-	-	-	-	1.00	0.0	-
-	-	-	-	1.00	0.0	-
-	-	-	-	1.00	0.0	-
-	-	-	-	1.00	0.0	-
-	-	-	-	1.00	0.0	-
-	-	-	-	1.00	0.0	-
-	-	-	-	1.00	0.0	-
-	-	-	-	1.00	0.0	-
-	-	-	-	1.00	0.0	-
-	-	-	-	1.00	0.0	-
-	-	-	-	1.00	0.0	-
-	-	-	-	1.00	0.0	-
x_sbrace.md2	x_sbrace.png	-	-	1.00	0.0	-
x_sbrace.md2	x_sbrace.png	-	-	1.00	0.0	-
x_sbrace.md2	x_sbrace.png	-	-	1.00	0.0	-
x_sbrace.md2	x_sbrace.png	-	-	1.00	0.0	-
x_sbrace.md2	x_sbrace.png	-	-	1.00	0.0	-
x_sbrace.md2	x_sbrace.png	-	-	1.00	0.0	-
x_sbrace.md2	x_sbrace.png	-	-	1.00	0.0	-
x_sbrace.md2	x_sbrace.png	-	-	1.00	0.0	-
x_sbrace.md2	x_sbrace.png	-	-	1.00	0.0	-
x_sbrace.md2	x_sbrace.png	-	-	1.00	0.0	-
x_sbrace.md2	x_sbrace.png	-	-	1.00	0.0	-
x_sbrace.md2	x_sbrace.png	-	-	1.00	0.0	-
x_sbrace.md2	x_sbrace.png	-	-	1.00	0.0	-
x_sbrace.md2	x_sbrace.png	-	-	1.00	0.0	-
x_sbrace.md2	x_sbrace.png	-	-	1.00	0.0	-
x_sbrace.md2	x_sbrace.png	-	-	1.00	0.0	-
x_sbrace.md2	x_sbrace.png	-	-	1.00	0.0	-
x_sbrace.md2	x_sbrace.png	-	-	1.00	0.0	-
x_sbrace.md2	x_sbrace.png	-	-	1.00	0.0	-
x_sbrace.md2	x_sbrace.png	-	-	1.00	0.0	-
x_sbrace.md2	x_sbrace.png	-	-	1.00	0.0	-
x_sbrace.md2	x_sbrace.png	-	-	1.00	0.0	-
x_sbrace.md2	x_sbrace.png	-	-	1.00	0.0	-
x_sbrace.md2	x_sbrace.png	-	-	1.00	0.0	-
x_sbrace.md2	x_sbrace.png	-	-	1.00	0.0	-
x_sbrace.md2	x_sbrace.png	-	-	1.00	0.0	-
x_sbrace.md2	x_sbrace.png	-	-	1.00	0.0	-
x_sbrace.md2	x_sbrace.png	-	-	1.00	0.0	-
x_sbrace.md2	x_sbrace.png	-	-	1.00	0.0	-
x_sbrace.md2	x_sbrace.png	-	-	1.00	0.0	-
x_sbrace.md2	x_sbrace.png	-	-	1.00	0.0	-
x_sbrace.md2	x_sbrace.png	-	-	1.00	0.0	-
x_sbrace.md2	x_sbrace.png	-	-	1.00	0.0	-
x_sbrace.md2	x_sbrace.png	-	-	1.00	0.0	-
x_sbrace.md2	x_sbrace.png	-	-	1.00	0.0	-
x_sbrace.md2	x_sbrace.png	-	-	1.00	0.0	-
x_sbrace.md2	x_sbrace.png	-	-	1.00	0.0	-
x_sbrace.md2	x_sbrace.png	-	-	1.00	0.0	-
x_sbrace.md2	x_sbrace.png	-	-	1.00	0.0	-
x_achest.md2	x_achest.png	-	-	1.00	0.0	-
x_achest.md2	x_achest.png	-	-	1.00	0.0	-
x_achest.md2	x_achest.png	-	-	1.00	0.0	-
x_achest.md2	x_achest.png	-	-	1.00	0.0	-
x_achest.md2	x_achest.png	-	-	1.00	0.0	-
x_achest.md2	x_achest.png	-	-	1.00	0.0	-
x_achest.md2	x_achest.png	-	-	1.00	0.0	-
x_pick.md2	x_pick.png	-	-	1.00	0.0	-
x_pick.md2	x_pick.png	-	-	1.00	0.0	-
x_pick.md2	x_pick.png	-	-	1.00	0.0	-
x_torch.md2	x_torch.png	-	Candle	1.00	0.0	-
x_torch.md2	x_torch.png	-	Candle	1.00	0.0	-
x_torch.md2	x_torch.png	-	BrassLantern	1.00	0.0	-
x_torch.md2	x_torch.png	-	Lamp	1.00	0.0	-
x_torch.md2	x_torch.png	-	Lamp	1.00	0.0	-
x_torch.md2	x_torch.png	-	-	1.00	0.0	-
-	-	-	-	1.00	0.0	-
-	-	-	-	1.00	0.0	-
-	-	-	-	1.00	0.0	-
-	-	-	-	1.00	0.0	-
-	-	-	-	1.00	0.0	-
-	-	-	-	1.00	0.0	-
-	-	-	-	1.00	0.0	-
-	-	-	-	1.00	0.0	-
x_achest.md2	x_achest.png	-	-	1.00	0.0	-
x_pick.md2	x_pick.png	-	-	1.00	0.0	-
-	-	-	OilPotion	1.00	0.0	-
-	-	-	-	1.00	0.0	-
-	-	-	-	1.00	0.0	-
-	-	-	-	1.00	0.0	-
-	-	-	-	1.00	0.0	-
-	-	-	-	1.00	0.0	-
-	-	-	-	1.00	0.0	-
-	-	-	-	1.00	0.0	-
-	-	-	-	1.00	0.0	-
-	-	-	-	1.00	0.0	-
-	-	-	-	1.00	0.0	-
-	-	-	-	1.00	0.0	-
-	-	-	-	1.00	0.0	-
-	-	-	-	1.00	0.0	-
-	-	-	-	1.00	0.0	-
-	-	-	-	1.00	0.0	-
-	-	-	-	1.00	0.0	-
-	-	-	-	1.00	0.0	-
-	-	-	-	1.00	0.0	-
x_pick.md2	x_pick.png	-	-	1.00	0.0	-
-	-	-	-	1.00	0.0	-
-	-	-	-	1.00	0.0	-
-	-	-	Candelabrum	1.00	0.0	-
-	-	-	-	1.00	0.0	-
-	-	-	-	1.00	0.0	-
-	-	-	-	1.00	0.0	-
-	-	-	-	1.00	0.0	-
-	-	-	-	1.00	0.0	-
-	-	-	-	1.00	0.0	-
-	-	-	-	1.00	0.0	-
-	-	-	-	1.00	0.0	-
-	-	-	-	1.00	0.0	-
-	-	-	-	1.00	0.0	-
-	-	-	-	1.00	0.0	-
-	-	-	-	1.00	0.0	-
-	-	-	-	1.00	0.0	-
-	-	-	-	1.00	0.0	-
-	-	-	-	1.00	0.0	-
-	-	-	-	1.00	0.0	-
-	-	-	-	1.00	0.0	-
-	-	-	-	1.00	0.0	-
-	-	-	-	1.00	0.0	-
-	-	-	-	1.00	0.0	-
-	-	-	-	1.00	0.0	-
-	-	-	-	1.00	0.0	-
-	-	-	-	1.00	0.0	-
-	-	-	-	1.00	0.0	-
-	-	-	-	1.00	0.0	-
-	-	-	-	1.00	0.0	-
-	-	-	-	1.00	0.0	-
-	-	-	-	1.00	0.0	-
-	-	-	-	1.00	0.0	-
-	-	-	-	1.00	0.0	-
x_potion.md2	x_rpotion.png	-	OilPotion	3.00	0.0	-
x_potion.md2	x_rpotion.png	-	OilPotion	3.00	0.0	-
x_potion.md2	x_rpotion.png	-	OilPotion	3.00	0.0	-
x_potion.md2	x_ypotion.png	-	OilPotion	3.00	0.0	-
x_potion.md2	x_gpotion.png	-	OilPotion	3.00	0.0	-
x_potion.md2	x_gpotion.png	-	OilPotion	3.00	0.0	-
x_potion.md2	x_bpotion.png	-	OilPotion	3.00	0.0	-
x_potion.md2	x_bpotion.png	-	OilPotion	3.00	0.0	-
x_potion.md2	x_bpotion.png	-	OilPotion	3.00	0.0	-
x_potion.md2	x_rpotion.png	-	OilPotion	3.00	0.0	-
x_potion.md2	x_rpotion.png	-	OilPotion	3.00	0.0	-
x_potion.md2	x_rpotion.png	-	OilPotion	3.00	0.0	-
x_potion.md2	x_ypotion.png	-	OilPotion	3.00	0.0	-
x_potion.md2	x_rpotion.png	-	OilPotion	3.00	0.0	-
x_potion.md2	x_gpotion.png	-	OilPotion	3.00	0.0	-
x_potion.md2	x_gpotion.png	-	OilPotion	3.00	0.0	-
x_potion.md2	x_ypotion.png	-	OilPotion	3.00	0.0	-
x_potion.md2	x_bpotion.png	-	OilPotion	3.00	0.0	-
x_potion.md2	x_bpotion.png	-	OilPotion	3.00	0.0	-
x_potion.md2	x_ypotion.png	-	OilPotion	3.00	0.0	-
x_potion.md2	x_rpotion.png	-	OilPotion	3.00	0.0	-
x_potion.md2	x_ypotion.png	-	OilPotion	3.00	0.0	-
x_potion.md2	x_bpotion.png	-	OilPotion	3.00	0.0	-
x_potion.md2	x_ypotion.png	-	OilPotion	3.00	0.0	-
x_potion.md2	x_ypotion.png	-	OilPotion	3.00	0.0	-
x_potion.md2	x_bpotion.png	-	OilPotion	3.00	0.0	-
x_identify.md2	x_identify.png	-	-	3.00	0.0	-
x_identify.md2	x_identify.png	-	-	3.00	0.0	-
x_identify.md2	x_identify.png	-	-	3.00	0.0	-
x_identify.md2	x_identify.png	-	-	3.00	0.0	-
x_identify.md2	x_identify.png	-	-	3.00	0.0	-
x_identify.md2	x_identify.png	-	-	3.00	0.0	-
x_identify.md2	x_identify.png	-	-	3.00	0.0	-
x_identify.md2	x_identify.png	-	-	3.00	0.0	-
x_identify.md2	x_identify.png	-	-	3.00	0.0	-
x_identify.md2	x_identify.png	-	-	3.00	0.0	-
x_identify.md2	x_identify.png	-	-	3.00	0.0	-
x_identify.md2	x_identify.png	-	-	3.00	0.0	-
x_identify.md2	x_identify.png	-	-	3.00	0.0	-
x_identify.md2	x_identify.png	-	-	3.00	0.0	-
x_identify.md2	x_identify.png	-	-	3.00	0.0	-
x_identify.md2	x_identify.png	-	-	3.00	0.0	-
x_identify.md2	x_identify.png	-	-	3.00	0.0	-
x_identify.md2	x_identify.png	-	-	3.00	0.0	-
x_identify.md2	x_identify.png	-	-	3.00	0.0	-
x_identify.md2	x_identify.png	-	-	3.00	0.0	-
x_identify.md2	x_identify.png	-	-	3.00	0.0	-
x_identify.md2	x_identify.png	-	-	3.00	0.0	-
x_identify.md2	x_identify.png	-	-	3.00	0.0	-
x_identify.md2	x_identify.png	-	-	3.00	0.0	-
x_identify.md2	x_identify.png	-	-	3.00	0.0	-
x_identify.md2	x_identify.png	-	-	3.00	0.0	-
x_identify.md2	x_identify.png	-	-	3.00	0.0	-
x_book.md2	x_book.png	-	-	1.00	0.0	-
x_book.md2	x_book.png	-	-	1.00	0.0	-
x_book.md2	x_book.png	-	-	1.00	0.0	-
x_book.md2	x_book.png	-	-	1.00	0.0	-
x_book.md2	x_book.png	-	-	1.00	0.0	-
x_book.md2	x_book.png	-	-	1.00	0.0	-
x_book.md2	x_book.png	-	-	1.00	0.0	-
x_book.md2	x_book.png	-	-	1.00	0.0	-
x_book.md2	x_book.png	-	-	1.00	0.0	-
x_book.md2	x_book.png	-	-	1.00	0.0	-
x_book.md2	x_book.png	-	-	1.00	0.0	-
x_book.md2	x_book.png	-	-	1.00	0.0	-
x_book.md2	x_book.png	-	-	1.00	0.0	-
x_book.md2	x_book.png	-	-	1.00	0.0	-
x_book.md2	x_book.png	-	-	1.00	0.0	-
x_book.md2	x_book.png	-	-	1.00	0.0	-
x_book.md2	x_book.png	-	-	1.00	0.0	-
x_book.md2	x_book.png	-	-	1.00	0.0	-
x_book.md2	x_book.png	-	-	1.00	0.0	-
x_book.md2	x_book.png	-	-	1.00	0.0	-
x_book.md2	x_book.png	-	-	1.00	0.0	-
x_book.md2	x_book.png	-	-	1.00	0.0	-
x_book.md2	x_book.png	-	-	1.00	0.0	-
x_book.md2	x_book.png	-	-	1.00	0.0	-
x_book.md2	x_book.png	-	-	1.00	0.0	-
x_book.md2	x_book.png	-	-	1.00	0.0	-
x_book.md2	x_book.png	-	-	1.00	0.0	-
x_book.md2	x_book.png	-	-	1.00	0.0	-
x_book.md2	x_book.png	-	-	1.00	0.0	-
x_book.md2	x_book.png	-	-	1.00	0.0	-
x_book.md2	x_book.png	-	-	1.00	0.0	-
x_book.md2	x_book.png	-	-	1.00	0.0	-
x_book.md2	x_book.png	-	-	1.00	0.0	-
x_book.md2	x_book.png	-	-	1.00	0.0	-
x_book.md2	x_book.png	-	-	1.00	0.0	-
x_book.md2	x_book.png	-	-	1.00	0.0	-
x_book.md2	x_book.png	-	-	1.00	0.0	-
x_book.md2	x_book.png	-	-	1.00	0.0	-
x_book.md2	x_book.png	-	-	1.00	0.0	-
x_book.md2	x_book.png	-	-	1.00	0.0	-
x_book.md2	x_book.png	-	-	1.00	0.0	-
x_book.md2	x_book.png	-	-	1.00	0.0	-
x_wandm.md2	x_wandm.png	-	-	1.00	0.0	-
x_wandm.md2	x_wandm.png	-	-	1.00	0.0	-
x_wandm.md2	x_wandm.png	-	-	1.00	0.0	-
x_wandm.md2	x_wandm.png	-	-	1.00	0.0	-
x_wandm.md2	x_wandm.png	-	-	1.00	0.0	-
x_wandm.md2	x_wandm.png	-	-	1.00	0.0	-
x_wandm.md2	x_wandm.png	-	-	1.00	0.0	-
x_wandm.md2	x_wandm.png	-	-	1.00	0.0	-
x_wandm.md2	x_wandm.png	-	-	1.00	0.0	-
x_wandm.md2	x_wandm.png	-	-	1.00	0.0	-
x_wandm.md2	x_wandm.png	-	-	1.00	0.0	-
x_wandm.md2	x_wandm.png	-	-	1.00	0.0	-
x_wandm.md2	x_wandm.png	-	-	1.00	0.0	-
x_wandm.md2	x_wandm.png	-	-	1.00	0.0	-
x_wandm.md2	x_wandm.png	-	-	1.00	0.0	-
x_wandm.md2	x_wandm.png	-	-	1.00	0.0	-
x_wandm.md2	x_wandm.png	-	-	1.00	0.0	-
x_wandm.md2	x_wandm.png	-	-	1.00	0.0	-
x_wandm.md2	x_wandm.png	-	-	1.00	0.0	-
x_wandm.md2	x_wandm.png	-	-	1.00	0.0	-
x_wandm.md2	x_wandm.png	-	-	1.00	0.0	-
x_wandm.md2	x_wandm.png	-	-	1.00	0.0	-
x_wandm.md2	x_wandm.png	-	-	1.00	0.0	-
x_wandm.md2	x_wandm.png	-	-	1.00	0.0	-
x_wandm.md2	x_wandm.png	-	-	1.00	0.0	-
x_wandm.md2	x_wandm.png	-	-	1.00	0.0	-
x_wandm.md2	x_wandm.png	-	-	1.00	0.0	-
gold.md2	gold.png	-	-	1.00	0.0	-
gem.md2	gem_white.png	Gem	-	0.50	0.0	R
gem.md2	gem_white.png	Gem	-	0.50	0.0	R
gem.md2	gem_red.png	Gem	-	0.50	0.0	R
gem.md2	gem_orange.png	Gem	-	0.50	0.0	R
gem.md2	gem_blue.png	Gem	-	0.50	0.0	R
gem.md2	gem_black.png	Gem	-	0.50	0.0	R
gem.md2	gem_green.png	Gem	-	0.50	0.0	R
gem.md2	gem_green.png	Gem	-	0.50	0.0	R
gem.md2	gem_yellow.png	Gem	-	0.50	0.0	R
gem.md2	gem_green.png	Gem	-	0.50	0.0	R
gem.md2	gem_yelbrn.png	Gem	-	0.50	0.0	R
gem.md2	gem_yelbrn.png	Gem	-	0.50	0.0	R
gem.md2	gem_black.png	Gem	-	0.50	0.0	R
gem.md2	gem_white.png	Gem	-	0.50	0.0	R
gem.md2	gem_yellow.png	Gem	-	0.50	0.0	R
gem.md2	gem_red.png	Gem	-	0.50	0.0	R
gem.md2	gem_violet.png	Gem	-	0.50	0.0	R
gem.md2	gem_red.png	Gem	-	0.50	0.0	R
gem.md2	gem_violet.png	Gem	-	0.50	0.0	R
gem.md2	gem_black.png	Gem	-	0.50	0.0	R
gem.md2	gem_orange.png	Gem	-	0.50	0.0	R
gem.md2	gem_green.png	Gem	-	0.50	0.0	R
gem.md2	gem_white.png	Gem	-	0.50	0.0	R
gem.md2	gem_blue.png	Gem	-	0.50	0.0	R
gem.md2	gem_red.png	Gem	-	0.50	0.0	R
gem.md2	gem_yelbrn.png	Gem	-	0.50	0.0	R
gem.md2	gem_orange.png	Gem	-	0.50	0.0	R
gem.md2	gem_yellow.png	Gem	-	0.50	0.0	R
gem.md2	gem_black.png	Gem	-	0.50	0.0	R
gem.md2	gem_green.png	Gem	-	0.50	0.0	R
gem.md2	gem_violet.png	Gem	-	0.50	0.0	R
x_ironball.md2	x_ironball.png	-	-	1.00	0.0	-
x_ironball.md2	x_ironball.png	-	-	1.00	0.0	-
x_ironball.md2	x_ironball.png	-	-	1.00	0.0	-
x_ironball.md2	x_ironball.png	-	-	1.00	0.0	-
x_ironball.md2	x_ironball.png	-	-	1.00	0.0	-
x_ironball.md2	x_ironball.png	-	-	1.00	0.0	-
x_ironball.md2	x_ironball.png	-	-	1.00	0.0	-
x_ironball.md2	x_ironball.png	-	-	1.00	0.0	-
x_ironball.md2	x_ironball.png	-	-	1.00	0.0	-
-	-	-	-	1.00	0.0	-
-	-	-	-	1.00	0.0	-
-	-	-	-	1.00	0.0	-
wall.md2	wall.png	-	-	1.00	0.0	F
wall.md2	wall.png	-	-	1.00	0.0	F
wall.md2	wall.png	-	-	1.00	0.0	F
wall.md2	wall.png	-	-	1.00	0.0	F
wall.md2	wall.png	-	-	1.00	0.0	F
wall.md2	wall.png	-	-	1.00	0.0	F
wall.md2	wall.png	-	-	1.00	0.0	F
wall.md2	wall.png	-	-	1.00	0.0	F
wall.md2	wall.png	-	-	1.00	0.0	F
wall.md2	wall.png	-	-	1.00	0.0	F
wall.md2	wall.png	-	-	1.00	0.0	F
doorway.md2	wood1.png	-	-	1.00	0.0	M
open_door.md2	door.png	-	-	1.00	0.0	M
open_door.md2	door.png	-	-	1.00	90.0	M
closed_door.md2	door.png	-	-	1.00	0.0	-
closed_door.md2	door.png	-	-	1.00	90.0	-
-	-	-	-	1.00	0.0	-
-	-	-	-	1.00	0.0	-
floor.md2	floor.png	-	-	1.00	0.0	-
floor.md2	floor.png	-	-	1.00	0.0	-
floor.md2	floor.png	-	-	1.00	0.0	-
staircase.md2	staircase.png	-	-	1.00	90.0	-
downstair.md2	downstair.png	-	-	1.00	0.0	F
staircase.md2	staircase.png	-	-	1.00	90.0	-
downstair.md2	downstair.png	-	-	1.00	0.0	F
-	-	-	-	1.00	0.0	-
-	-	-	-	1.00	0.0	-
-	-	-	-	1.00	0.0	-
fountain.md2	fountain.png	-	-	1.00	0.0	-
fountain.md2	fountain.png	-	-	1.00	0.0	-
floor.md2	water.png	-	-	1.00	0.0	FM
floor.md2	ice.png	-	-	1.00	0.0	FM
floor.md2	lava.png	-	-	1.00	0.0	FM
-	-	-	-	1.00	0.0	-
-	-	-	-	1.00	0.0	-
-	-	-	-	1.00	0.0	-
-	-	-	-	1.00	0.0	-
-	-	-	-	1.00	0.0	-
-	-	-	-	1.00	0.0	-
floor.md2	water.png	-	-	1.00	0.0	FM
x_beartrap.md2	x_beartrap.png	-	-	1.00	0.0	-
x_beartrap.md2	x_beartrap.png	-	-	1.00	0.0	-
x_beartrap.md2	x_beartrap.png	-	-	1.00	0.0	-
x_beartrap.md2	x_beartrap.png	-	-	1.00	0.0	-
x_beartrap.md2	x_beartrap.png	-	-	1.00	0.0	-
x_beartrap.md2	x_beartrap.png	-	-	1.00	0.0	-
x_beartrap.md2	x_beartrap.png	-	-	1.00	0.0	-
x_beartrap.md2	x_beartrap.png	-	-	1.00	0.0	-
x_beartrap.md2	x_beartrap.png	-	-	1.00	0.0	-
x_beartrap.md2	x_beartrap.png	-	-	1.00	0.0	-
pit.md2	pit.png	-	-	1.00	0.0	F
pit_spiked.md2	pit_spiked.png	-	-	1.00	0.0	F
pit.md2	pit.png	-	-	1.00	0.0	-
pit.md2	pit.png	-	-	1.00	0.0	-
x_beartrap.md2	x_beartrap.png	-	-	1.00	0.0	-
x_beartrap.md2	x_beartrap.png	-	-	1.00	0.0	-
x_beartrap.md2	x_beartrap.png	-	-	1.00	0.0	-
x_beartrap.md2	x_beartrap.png	-	-	1.00	0.0	-
x_beartrap.md2	x_beartrap.png	-	-	1.00	0.0	-
x_beartrap.md2	x_beartrap.png	-	-	1.00	0.0	-
x_beartrap.md2	x_beartrap.png	-	-	1.00	0.0	-
x_beartrap.md2	x_beartrap.png	-	-	1.00	0.0	-
wall.md2	wall.png	-	-	1.00	0.0	-
wall.md2	wall.png	-	-	1.00	0.0	-
wall.md2	wall.png	-	-	1.00	0.0	-
wall.md2	wall.png	-	-	1.00	0.0	-
-	-	-	-	1.00	0.0	-
-	-	-	-	1.00	0.0	-
-	-	-	-	1.00	0.0	-
-	-	-	-	1.00	0.0	-
x_protect.md2	x_protect.png	-	-	1.00	0.0	-
x_protect.md2	x_protect.png	-	-	1.00	-90.0	-
x_protect.md2	x_protect.png	-	-	1.00	-180.0	-
x_protect.md2	x_protect.png	-	-	1.00	-270.0	-
-	-	-	-	1.00	0.0	-
-	-	-	-	1.00	0.0	-
-	-	-	-	1.00	0.0	-
-	-	-	-	1.00	0.0	-
-	-	-	-	1.00	0.0	-
-	-	-	-	1.00	0.0	-
-	-	-	-	1.00	0.0	-
-	-	-	-	1.00	0.0	-
-	-	-	-	1.00	0.0	-
-	-	-	-	1.00	0.0	-
-	-	-	-	1.00	0.0	-
-	-	-	-	1.00	0.0	-
-	-	-	-	1.00	0.0	-
-	-	-	-	1.00	0.0	-
-	-	-	-	1.00	0.0	-
-	-	-	-	1.00	0.0	-
-	-	-	-	1.00	0.0	-
-	-	-	-	1.00	0.0	-
-	-	-	-	1.00	0.0	-
-	-	-	-	1.00	0.0	-
-	-	-	-	1.00	0.0	-
-	-	-	-	1.00	0.0	-
-	-	-	-	1.00	0.0	-
-	-	-	-	1.00	0.0	-
-	-	-	-	1.00	0.0	-
-	-	-	-	1.00	0.0	-
-	-	-	-	1.00	0.0	-
-	-	-	-	1.00	0.0	-
-	-	-	-	1.00	0.0	-
-	-	-	-	1.00	0.0	-
-	-	-	-	1.00	0.0	-
-	-	-	-	1.00	0.0	-
-	-	-	-	1.00	0.0	-
-	-	-	-	1.00	0.0	-
-	-	-	-	1.00	0.0	-
-	-	-	-	1.00	0.0	-
-	-	-	-	1.00	0.0	-
-	-	-	-	1.00	0.0	-
-	-	-	-	1.00	0.0	-
-	-	-	-	1.00	0.0	-
-	-	-	-	1.00	0.0	-
-	-	-	-	1.00	0.0	-
-	-	-	-	1.00	0.0	-
-	-	-	-	1.00	0.0	-
-	-	-	-	1.00	0.0	-
-	-	-	-	1.00	0.0	-
-	-	-	-	1.00	0.0	-
-	-	-	-	1.00	0.0	-
-	-	-	-	1.00	0.0	-
-	-	-	-	1.00	0.0	-
-	-	-	-	1.00	0.0	-
-	-	-	-	1.00	0.0	-
-	-	-	-	1.00	0.0	-
-	-	-	-	1.00	0.0	-
-	-	-	-	1.00	0.0	-
-	-	-	-	1.00	0.0	-
-	-	-	-	1.00	0.0	-
-	-	-	-	1.00	0.0	-
-	-	-	-	1.00	0.0	-
-	-	-	-	1.00	0.0	-
-	-	-	-	1.00	0.0	-
-	-	-	-	1.00	0.0	-
-	-	-	-	1.00	0.0	-
-	-	-	-	1.00	0.0	-
-	-	-	-	1.00	0.0	-
-	-	-	-	1.00	0.0	-
-	-	-	-	1.00	0.0	-
-	-	-	-	1.00	0.0	-
-	-	-	-	1.00	0.0	-
-	-	-	-	1.00	0.0	-
-	-	-	-	1.00	0.0	-
zap.md2	zap_magic.png	-	-	1.00	90.0	-
zap.md2	zap_magic.png	-	-	1.00	0.0	-
zap_diag.md2	zap_magic.png	-	-	1.00	-45.0	-
zap_diag.md2	zap_magic.png	-	-	1.00	45.0	-
zap.md2	zap_fire.png	-	-	1.00	90.0	-
zap.md2	zap_fire.png	-	-	1.00	0.0	-
zap_diag.md2	zap_fire.png	-	-	1.00	-45.0	-
zap_diag.md2	zap_fire.png	-	-	1.00	45.0	-
zap.md2	zap_cold.png	-	-	1.00	90.0	-
zap.md2	zap_cold.png	-	-	1.00	0.0	-
zap_diag.md2	zap_cold.png	-	-	1.00	-45.0	-
zap_diag.md2	zap_cold.png	-	-	1.00	45.0	-
zap.md2	zap_sleep.png	-	-	1.00	90.0	-
zap.md2	zap_sleep.png	-	-	1.00	0.0	-
zap_diag.md2	zap_sleep.png	-	-	1.00	-45.0	-
zap_diag.md2	zap_sleep.png	-	-	1.00	45.0	-
zap.md2	zap_death.png	-	-	1.00	90.0	-
zap.md2	zap_death.png	-	-	1.00	0.0	-
zap_diag.md2	zap_death.png	-	-	1.00	-45.0	-
zap_diag.md2	zap_death.png	-	-	1.00	45.0	-
zap.md2	zap_lightning.png	-	-	1.00	90.0	-
zap.md2	zap_lightning.png	-	-	1.00	0.0	-
zap_diag.md2	zap_lightning.png	-	-	1.00	-45.0	-
zap_diag.md2	zap_lightning.png	-	-	1.00	45.0	-
zap.md2	zap_gaseous.png	-	-	1.00	90.0	-
zap.md2	zap_gaseous.png	-	-	1.00	0.0	-
zap_diag.md2	zap_gaseous.png	-	-	1.00	-45.0	-
zap_diag.md2	zap_gaseous.png	-	-	1.00	45.0	-
zap.md2	zap_acidic.png	-	-	1.00	90.0	-
zap.md2	zap_acidic.png	-	-	1.00	0.0	-
zap_diag.md2	zap_acidic.png	-	-	1.00	-45.0	-
zap_diag.md2	zap_acidic.png	-	-	1.00	45.0	-
-	-	-	-	1.00	0.0	-
-	-	-	-	1.00	0.0	-
-	-	-	-	1.00	0.0	-
-	-	-	-	1.00	0.0	-
-	-	-	-	1.00	0.0	-
-	-	-	-	1.00	0.0	-
mine_A.md2	mine.png	-	-	1.00	0.0	F
mine_A.md2	mine.png	-	-	1.00	-90.0	F
mine_B.md2	mine.png	-	-	1.00	0.0	F
mine_B.md2	mine.png	-	-	1.00	-90.0	F
mine_B.md2	mine.png	-	-	1.00	90.0	F
mine_B.md2	mine.png	-	-	1.00	180.0	F
mine_D.md2	mine.png	-	-	1.00	0.0	F
mine_C.md2	mine.png	-	-	1.00	90.0	F
mine_C.md2	mine.png	-	-	1.00	-90.0	F
mine_C.md2	mine.png	-	-	1.00	180.0	F
mine_C.md2	mine.png	-	-	1.00	0.0	F
wall.md2	wall_hell.png	-	-	1.00	0.0	F
wall.md2	wall_hell.png	-	-	1.00	0.0	F
wall.md2	wall_hell.png	-	-	1.00	0.0	F
wall.md2	wall_hell.png	-	-	1.00	0.0	F
wall.md2	wall_hell.png	-	-	1.00	0.0	F
wall.md2	wall_hell.png	-	-	1.00	0.0	F
wall.md2	wall_hell.png	-	-	1.00	0.0	F
wall.md2	wall_hell.png	-	-	1.00	0.0	F
wall.md2	wall_hell.png	-	-	1.00	0.0	F
wall.md2	wall_hell.png	-	-	1.00	0.0	F
wall.md2	wall_hell.png	-	-	1.00	0.0	F
wall.md2	wall_knox.png	-	-	1.00	0.0	F
wall.md2	wall_knox.png	-	-	1.00	0.0	F
wall.md2	wall_knox.png	-	-	1.00	0.0	F
wall.md2	wall_knox.png	-	-	1.00	0.0	F
wall.md2	wall_knox.png	-	-	1.00	0.0	-
wall.md2	wall_knox.png	-	-	1.00	0.0	F
wall.md2	wall_knox.png	-	-	1.00	0.0	F
wall.md2	wall_knox.png	-	-	1.00	0.0	F
wall.md2	wall_knox.png	-	-	1.00	0.0	F
wall.md2	wall_knox.png	-	-	1.00	0.0	F
wall.md2	wall_knox.png	-	-	1.00	0.0	F
wall.md2	wall_sokoban.png	-	-	1.00	0.0	F
wall.md2	wall_sokoban.png	-	-	1.00	0.0	F
wall.md2	wall_sokoban.png	-	-	1.00	0.0	F
wall.md2	wall_sokoban.png	-	-	1.00	0.0	F
wall.md2	wall_sokoban.png	-	-	1.00	0.0	F
wall.md2	wall_sokoban.png	-	-	1.00	0.0	F
wall.md2	wall_sokoban.png	-	-	1.00	0.0	-
wall.md2	wall_sokoban.png	-	-	1.00	0.0	F
wall.md2	wall_sokoban.png	-	-	1.00	0.0	F
wall.md2	wall_sokoban.png	-	-	1.00	0.0	F
wall.md2	wall_sokoban.png	-	-	1.00	0.0	F
floor.md2	mine_floor.png	-	-	1.00	0.0	-
floor.md2	sokoban_floor.png	-	-	1.00	0.0	-
floor.md2	sokoban_floor.png	-	-	1.00	0.0	-
floor.md2	hell_floor.png	-	-	1.00	0.0	-
floor.md2	quest_floor.png	-	-	1.00	0.0	-
floor.md2	astral_floor.png	-	-	1.00	0.0	-
floor.md2	cave_floor.png	-	-	1.00	0.0	-
floor.md2	beach_floor.png	-	-	1.00	0.0	-
